// Jest Snapshot v1, https://goo.gl/fbAQLP

exports[`<Footer /> renders the <Footer /> with populated data 1`] = `
<div
  class="footer__Container-alnijs-0 ihWuJO"
>
  <div
    class="footer__Title-alnijs-3 lkUVDz"
  >
    Questions? Call 0800-672-120
  </div>
  <div
    class="footer__Break-alnijs-5 fKYXZw"
  />
  <div
    class="footer__Row-alnijs-2 jZWCdJ"
  >
    <div
      class="footer__Column-alnijs-1 bmIiwV"
    >
      <a
        class="footer__Link-alnijs-4 kdguHM"
        href="#"
      >
        FAQ
      </a>
      <a
        class="footer__Link-alnijs-4 kdguHM"
        href="#"
      >
        Investor Relations
      </a>
      <a
        class="footer__Link-alnijs-4 kdguHM"
        href="#"
      >
        Privacy
      </a>
      <a
        class="footer__Link-alnijs-4 kdguHM"
        href="#"
      >
        Speed Test
      </a>
    </div>
    <div
      class="footer__Column-alnijs-1 bmIiwV"
    >
      <a
        class="footer__Link-alnijs-4 kdguHM"
        href="#"
      >
        Help Center
      </a>
      <a
        class="footer__Link-alnijs-4 kdguHM"
        href="#"
      >
        Jobs
      </a>
      <a
        class="footer__Link-alnijs-4 kdguHM"
        href="#"
      >
        Cookie Preferences
      </a>
      <a
        class="footer__Link-alnijs-4 kdguHM"
        href="#"
      >
        Legal Notices
      </a>
    </div>
    <div
      class="footer__Column-alnijs-1 bmIiwV"
    >
      <a
        class="footer__Link-alnijs-4 kdguHM"
        href="#"
      >
        Account
      </a>
      <a
        class="footer__Link-alnijs-4 kdguHM"
        href="#"
      >
        Ways to Watch
      </a>
      <a
        class="footer__Link-alnijs-4 kdguHM"
        href="#"
      >
        Corporate Information
      </a>
      <a
        class="footer__Link-alnijs-4 kdguHM"
        href="#"
      >
        Netflix Originals
      </a>
    </div>
    <div
      class="footer__Column-alnijs-1 bmIiwV"
    >
      <a
        class="footer__Link-alnijs-4 kdguHM"
        href="#"
      >
        Media Center
      </a>
      <a
        class="footer__Link-alnijs-4 kdguHM"
        href="#"
      >
        Terms of Use
      </a>
      <a
        class="footer__Link-alnijs-4 kdguHM"
        href="#"
      >
        Contact Us
      </a>
    </div>
  </div>
  <div
    class="footer__Break-alnijs-5 fKYXZw"
  />
  <p
    class="footer__Text-alnijs-6 DvIGc"
  >
    Netflix Romania
  </p>
</div>
`;
